rjudge_llama8b: 571 records (301 attack)
Loading weights:   0%|          | 0/291 [00:00<?, ?it/s]Loading weights:   1%|          | 2/291 [00:00<00:24, 11.83it/s]Loading weights:   8%|▊         | 22/291 [00:00<00:02, 97.81it/s]Loading weights:  14%|█▎        | 40/291 [00:00<00:01, 126.75it/s]Loading weights:  20%|█▉        | 58/291 [00:00<00:01, 144.66it/s]Loading weights:  26%|██▌       | 76/291 [00:00<00:01, 154.32it/s]Loading weights:  32%|███▏      | 94/291 [00:00<00:01, 158.87it/s]Loading weights:  38%|███▊      | 112/291 [00:00<00:01, 161.91it/s]Loading weights:  45%|████▍     | 130/291 [00:00<00:00, 164.60it/s]Loading weights:  51%|█████     | 148/291 [00:01<00:00, 167.66it/s]Loading weights:  57%|█████▋    | 166/291 [00:01<00:00, 166.64it/s]Loading weights:  63%|██████▎   | 184/291 [00:01<00:00, 166.06it/s]Loading weights:  69%|██████▉   | 202/291 [00:01<00:00, 167.67it/s]Loading weights:  76%|███████▌  | 221/291 [00:01<00:00, 171.57it/s]Loading weights:  82%|████████▏ | 240/291 [00:01<00:00, 171.70it/s]Loading weights:  89%|████████▊ | 258/291 [00:01<00:00, 171.71it/s]Loading weights:  95%|█████████▍| 276/291 [00:01<00:00, 168.75it/s]Loading weights: 100%|██████████| 291/291 [00:01<00:00, 159.50it/s]
[transformers] Ignoring clean_up_tokenization_spaces=True for BPE tokenizer TokenizersBackend. The clean_up_tokenization post-processing step is designed for WordPiece tokenizers and is destructive for BPE (it strips spaces before punctuation). Set clean_up_tokenization_spaces=False to suppress this warning, or set clean_up_tokenization_spaces_for_bpe_even_though_it_will_corrupt_output=True to force cleanup anyway.
  0/571
  100/571
  200/571
  300/571
  400/571
  500/571

DLA additivity |err|=0.0064 (should be ~0)  | total s AUROC=0.527 (should be ~chance)
pos-discriminative comps: 26  (their sum AUROC=0.627)
neg-discriminative comps: 18  (their sum AUROC=0.192)
DECISIVE (OOF de-biased): pos-only AUROC=0.624  disc-only(pos+neg) AUROC=0.575
NULL (label-permutation, same OOF select+sum): pos-only mean=0.498 max=0.514  -> signal_real=True (pos_oof must exceed null_max by >=0.05)
cancellation test: neg/pos magnitude=0.16, within-attack corr(neg,pos)=0.090 (< -0.3 = cancel)
drowning test: var_pos=2.070 var_nondisc=9.101 (nondisc>=pos & pos_auroc>=0.8 = drown)
top +disc comps: [('a7', 0.75), ('m14', 0.74), ('m7', 0.7), ('m19', 0.67), ('m13', 0.66), ('m11', 0.66)]
top -disc comps: [('a0', 0.25), ('a5', 0.25), ('a10', 0.29), ('a2', 0.32), ('m9', 0.34), ('m12', 0.35)]
VERDICT (single-host): inconclusive  (cross-3-host same verdict required for the mechanism claim)
-> outputs/vgap_mech/G0_dla_llama8b.json
