rjudge_gemma4b: 571 records (301 attack) | gemma-3-4b-it
Loading weights:   0%|          | 0/883 [00:00<?, ?it/s]Loading weights:   3%|▎         | 29/883 [00:00<00:03, 277.94it/s]Loading weights:  11%|█         | 94/883 [00:00<00:01, 484.90it/s]Loading weights:  17%|█▋        | 153/883 [00:00<00:01, 531.26it/s]Loading weights:  24%|██▍       | 213/883 [00:00<00:01, 547.16it/s]Loading weights:  32%|███▏      | 286/883 [00:00<00:00, 610.36it/s]Loading weights:  40%|████      | 354/883 [00:00<00:00, 627.14it/s]Loading weights:  47%|████▋     | 417/883 [00:00<00:00, 617.83it/s]Loading weights:  76%|███████▌  | 671/883 [00:00<00:00, 1214.78it/s]Loading weights: 100%|██████████| 883/883 [00:00<00:00, 1010.71it/s]
  [zeroshot] 0/571
  [zeroshot] 150/571
  [zeroshot] 300/571
  [zeroshot] 450/571
  [zeroshot] verbal AUROC=0.538 CI[0.492,0.584]  (probe ref ~0.96)
  [cot] 0/571
  [cot] 150/571
  [cot] 300/571
  [cot] 450/571
  [cot] verbal AUROC=0.453 CI[0.408,0.498]  (probe ref ~0.96)
  [fewshot] 0/571
  [fewshot] 150/571
  [fewshot] 300/571
  [fewshot] 450/571
  [fewshot] verbal AUROC=0.628 CI[0.585,0.674]  (probe ref ~0.96)

best verbal across interventions = 0.628 | probe ~0.96
NOT-FIXABLE-BY-PROMPTING (best verbal < 0.75): True
-> outputs/vgap_mech/M2_intervention_rjudge_gemma4b.json
